<html>
<body>
<pre>
<h1>µVision Build Log</h1>
<h2>Tool Versions:</h2>
IDE-Version: ¦ÌVision V5.42.0.0
Copyright (C) 2025 ARM Ltd and ARM Germany GmbH. All rights reserved.
License Information: ppe MBA, sztu, LIC=QF82M-XDYH2-8TH3P-M9FID-79GMG-7IG7D
 
Tool Versions:
Toolchain:       MDK-ARM Plus  Version: 5.42.0.0
Toolchain Path:  C:\keil5\keil\ARM\ARMCLANG\Bin
C Compiler:      ArmClang.exe V6.23
Assembler:       Armasm.exe V6.23
Linker/Locator:  ArmLink.exe V6.23
Library Manager: ArmAr.exe V6.23
Hex Converter:   FromElf.exe V6.23
CPU DLL:         SARMCM3.DLL V5.42.0.0
Dialog DLL:      DCM.DLL V1.17.5.0
Target DLL:      STLink\ST-LINKIII-KEIL_SWO.dll V3.3.0.0
Dialog DLL:      TCM.DLL V1.56.6.0
 
<h2>Project:</h2>
C:\26_robotic_Arm\1034R1\FDCAN\MDK-ARM\FDCAN.uvprojx
Project File Date:  06/16/2026

<h2>Output:</h2>
*** Using Compiler 'V6.23', folder: 'C:\keil5\keil\ARM\ARMCLANG\Bin'
Build target 'FDCAN'
compiling main.c...
../leg_task/score_task.c(105): warning: overflow converting case value to switch condition type (600 to 88) [-Wswitch]
  105 |         case 600: return 4.0f;
      |              ^
../leg_task/score_task.c(104): warning: overflow converting case value to switch condition type (400 to 144) [-Wswitch]
  104 |         case 400: return 3.0f;
      |              ^
2 warnings generated.
compiling score_task.c...
compiling leg_task.c...
compiling rc_protocol.c...
linking...
Program Size: Code=55240 RO-data=1084 RW-data=44 ZI-data=23140  
FromELF: creating hex file...
"FDCAN\FDCAN.axf" - 0 Error(s), 2 Warning(s).

<h2>Software Packages used:</h2>

Package Vendor: ARM
                https://www.keil.com/pack/ARM.CMSIS.6.1.0.pack
                ARM::CMSIS@6.1.0
                CMSIS (Common Microcontroller Software Interface Standard)
   * Component: CORE Version: 6.1.0

Package Vendor: Keil
                https://www.keil.com/pack/Keil.STM32H7xx_DFP.4.0.0.pack
                Keil::STM32H7xx_DFP@4.0.0
                STMicroelectronics STM32H7 Series Device Support

<h2>Collection of Component include folders:</h2>
  ./RTE/_FDCAN
  C:/keil5/MDK/ARM/CMSIS/6.1.0/CMSIS/Core/Include

<h2>Collection of Component Files used:</h2>

   * Component: ARM::CMSIS:CORE@6.1.0
      Include file:  CMSIS/Core/Include/tz_context.h
Build Time Elapsed:  00:00:00
</pre>
</body>
</html>
